[0915/165315.018:ERROR:gpu\command_buffer\service\gl_utils.cc:430] [.WebGL-0x2d9c001c0200]GL Driver Message (OpenGL, Performance, GL_CLOSE_PATH_NV, High): GPU stall due to ReadPixels
[0915/165315.776:ERROR:gpu\command_buffer\service\gl_utils.cc:430] [.WebGL-0x2d9c001c0200]GL Driver Message (OpenGL, Performance, GL_CLOSE_PATH_NV, High): GPU stall due to ReadPixels
[0915/165317.929:ERROR:gpu\command_buffer\service\gl_utils.cc:430] [.WebGL-0x2d9c001c0200]GL Driver Message (OpenGL, Performance, GL_CLOSE_PATH_NV, High): GPU stall due to ReadPixels
[0915/165318.718:ERROR:gpu\command_buffer\service\gl_utils.cc:430] [.WebGL-0x2d9c001c0200]GL Driver Message (OpenGL, Performance, GL_CLOSE_PATH_NV, High): GPU stall due to ReadPixels (this message will no longer repeat)
[0915/165539.740:ERROR:gpu\command_buffer\service\shared_image\shared_image_manager.cc:253] SharedImageManager::ProduceSkia: Trying to Produce a Skia representation from a non-existent mailbox.
[0915/165614.383:ERROR:gpu\command_buffer\service\gl_utils.cc:430] [.WebGL-0x1e4c001bee00]GL Driver Message (OpenGL, Performance, GL_CLOSE_PATH_NV, High): GPU stall due to ReadPixels
[0915/165616.149:ERROR:gpu\command_buffer\service\gl_utils.cc:426] [.WebGL-0x1e4c001bee00] GL_INVALID_OPERATION: glBlitFramebuffer: Read and write depth stencil attachments cannot be the same image.
[0915/165616.303:ERROR:gpu\command_buffer\service\gl_utils.cc:430] [.WebGL-0x1e4c001bee00]GL Driver Message (OpenGL, Performance, GL_CLOSE_PATH_NV, High): GPU stall due to ReadPixels
[0915/165620.172:ERROR:gpu\command_buffer\service\gl_utils.cc:426] [.WebGL-0x1e4c001bee00] GL_INVALID_OPERATION: glBlitFramebuffer: Read and write depth stencil attachments cannot be the same image.
[0915/165620.180:ERROR:gpu\command_buffer\service\gl_utils.cc:430] [.WebGL-0x1e4c001bee00]GL Driver Message (OpenGL, Performance, GL_CLOSE_PATH_NV, High): GPU stall due to ReadPixels
[0915/165621.255:ERROR:gpu\command_buffer\service\gl_utils.cc:426] [.WebGL-0x1e4c001bee00] GL_INVALID_OPERATION: glBlitFramebuffer: Read and write depth stencil attachments cannot be the same image.
[0915/165621.265:ERROR:gpu\command_buffer\service\gl_utils.cc:430] [.WebGL-0x1e4c001bee00]GL Driver Message (OpenGL, Performance, GL_CLOSE_PATH_NV, High): GPU stall due to ReadPixels (this message will no longer repeat)
[0915/165622.119:ERROR:gpu\command_buffer\service\gl_utils.cc:426] [.WebGL-0x1e4c001bee00] GL_INVALID_OPERATION: glBlitFramebuffer: Read and write depth stencil attachments cannot be the same image.
[0915/165622.824:ERROR:gpu\command_buffer\service\gl_utils.cc:426] [.WebGL-0x1e4c001bee00] GL_INVALID_OPERATION: glBlitFramebuffer: Read and write depth stencil attachments cannot be the same image.
[0915/165623.535:ERROR:gpu\command_buffer\service\gl_utils.cc:426] [.WebGL-0x1e4c001bee00] GL_INVALID_OPERATION: glBlitFramebuffer: Read and write depth stencil attachments cannot be the same image.
[0915/165624.210:ERROR:gpu\command_buffer\service\gl_utils.cc:426] [.WebGL-0x1e4c001bee00] GL_INVALID_OPERATION: glBlitFramebuffer: Read and write depth stencil attachments cannot be the same image.
[0915/165624.909:ERROR:gpu\command_buffer\service\gl_utils.cc:426] [.WebGL-0x1e4c001bee00] GL_INVALID_OPERATION: glBlitFramebuffer: Read and write depth stencil attachments cannot be the same image.
[0915/165625.639:ERROR:gpu\command_buffer\service\gl_utils.cc:426] [.WebGL-0x1e4c001bee00] GL_INVALID_OPERATION: glBlitFramebuffer: Read and write depth stencil attachments cannot be the same image.
[0915/165626.562:ERROR:gpu\command_buffer\service\gl_utils.cc:426] [.WebGL-0x1e4c001bee00] GL_INVALID_OPERATION: glBlitFramebuffer: Read and write depth stencil attachments cannot be the same image.
[0915/165627.434:ERROR:gpu\command_buffer\service\gl_utils.cc:426] [.WebGL-0x1e4c001bee00] GL_INVALID_OPERATION: glBlitFramebuffer: Read and write depth stencil attachments cannot be the same image.
[0915/165628.219:ERROR:gpu\command_buffer\service\gl_utils.cc:426] [.WebGL-0x1e4c001bee00] GL_INVALID_OPERATION: glBlitFramebuffer: Read and write depth stencil attachments cannot be the same image.
[0915/165629.037:ERROR:gpu\command_buffer\service\gl_utils.cc:426] [.WebGL-0x1e4c001bee00] GL_INVALID_OPERATION: glBlitFramebuffer: Read and write depth stencil attachments cannot be the same image.
[0915/165748.026:ERROR:gpu\ipc\client\command_buffer_proxy_impl.cc:488] GPU state invalid after WaitForGetOffsetInRange.
[0915/171405.445:WARNING:media\filters\ffmpeg_demuxer.cc:1219] PipelineStatus::DEMUXER_ERROR_COULD_NOT_OPEN
[0915/171453.343:ERROR:gpu\command_buffer\service\shared_image\shared_image_manager.cc:253] SharedImageManager::ProduceSkia: Trying to Produce a Skia representation from a non-existent mailbox.
[0915/171453.347:ERROR:gpu\command_buffer\service\shared_image\shared_image_manager.cc:253] SharedImageManager::ProduceSkia: Trying to Produce a Skia representation from a non-existent mailbox.
[0915/171453.347:ERROR:gpu\command_buffer\service\shared_image\shared_image_manager.cc:253] SharedImageManager::ProduceSkia: Trying to Produce a Skia representation from a non-existent mailbox.
[0915/171453.351:ERROR:gpu\command_buffer\service\shared_image\shared_image_manager.cc:253] SharedImageManager::ProduceSkia: Trying to Produce a Skia representation from a non-existent mailbox.
[0915/171453.352:ERROR:gpu\command_buffer\service\shared_image\shared_image_manager.cc:253] SharedImageManager::ProduceSkia: Trying to Produce a Skia representation from a non-existent mailbox.
[0915/171453.352:ERROR:gpu\command_buffer\service\shared_image\shared_image_manager.cc:253] SharedImageManager::ProduceSkia: Trying to Produce a Skia representation from a non-existent mailbox.
[0915/171453.357:ERROR:gpu\command_buffer\service\shared_image\shared_image_manager.cc:253] SharedImageManager::ProduceSkia: Trying to Produce a Skia representation from a non-existent mailbox.
[0915/171453.357:ERROR:gpu\command_buffer\service\shared_image\shared_image_manager.cc:253] SharedImageManager::ProduceSkia: Trying to Produce a Skia representation from a non-existent mailbox.
